******************************************************************************
                  TI ARM Linker PC v18.1.3                     
******************************************************************************
>> Linked Wed Nov 20 12:00:03 2019

OUTPUT FILE NAME:   <part1_group08.out>
ENTRY POINT SYMBOL: "_c_int00_noargs"  address: 00000b49


MEMORY CONFIGURATION

         name            origin    length      used     unused   attr    fill
----------------------  --------  ---------  --------  --------  ----  --------
  MAIN                  00000000   00040000  00000be8  0003f418  R  X
  INFO                  00200000   00004000  00000000  00004000  R  X
  SRAM_CODE             01000000   00010000  0000021c  0000fde4  RW X
  SRAM_DATA             20000000   00010000  0000021c  0000fde4  RW  


SEGMENT ALLOCATION MAP

run origin  load origin   length   init length attrs members
----------  ----------- ---------- ----------- ----- -------
00000000    00000000    00000be8   00000be8    r-x
  00000000    00000000    000000e4   000000e4    r-- .intvecs
  000000e4    000000e4    00000ae4   00000ae4    r-x .text
  00000bc8    00000bc8    00000020   00000020    r-- .cinit
20000000    20000000    0000001c   00000000    rw-
  20000000    20000000    0000001c   00000000    rw- .data
2000fe00    2000fe00    00000200   00000000    rw-
  2000fe00    2000fe00    00000200   00000000    rw- .stack


SECTION ALLOCATION MAP

 output                                  attributes/
section   page    origin      length       input sections
--------  ----  ----------  ----------   ----------------
.intvecs   0    00000000    000000e4     
                  00000000    000000e4     startup_msp432p401r_ccs.obj (.intvecs:retain)

.text      0    000000e4    00000ae4     
                  000000e4    00000334     system_msp432p401r.obj (.text)
                  00000418    00000288     Part1_Interrupt_bumsw_motor.obj (.text)
                  000006a0    000001e0     Clock.obj (.text)
                  00000880    000000ec     motor.obj (.text)
                  0000096c    0000009c     rtsv7M4_T_le_v4SPD16_eabi.lib : memcpy_t2.asm.obj (.text)
                  00000a08    00000094     SysTick.obj (.text)
                  00000a9c    00000068     rtsv7M4_T_le_v4SPD16_eabi.lib : copy_decompress_lzss.c.obj (.text:decompress:lzss:__TI_decompress_lzss)
                  00000b04    00000044                                   : autoinit.c.obj (.text:__TI_auto_init_nobinit_nopinit:__TI_auto_init_nobinit_nopinit)
                  00000b48    00000038                                   : boot_cortex_m.c.obj (.text:_c_int00_noargs:_c_int00_noargs)
                  00000b80    00000024     CortexM.obj (.text)
                  00000ba4    0000000e     rtsv7M4_T_le_v4SPD16_eabi.lib : copy_decompress_none.c.obj (.text:decompress:none:__TI_decompress_none)
                  00000bb2    0000000e     startup_msp432p401r_ccs.obj (.text)
                  00000bc0    00000004     rtsv7M4_T_le_v4SPD16_eabi.lib : pre_init.c.obj (.text:_system_pre_init)
                  00000bc4    00000004                                   : exit.c.obj (.text:abort:abort)

.cinit     0    00000bc8    00000020     
                  00000bc8    0000000d     (.cinit..data.load) [load image, compression = lzss]
                  00000bd5    00000003     --HOLE-- [fill = 0]
                  00000bd8    00000008     (__TI_handler_table)
                  00000be0    00000008     (__TI_cinit_table)

.init_array 
*          0    00000000    00000000     UNINITIALIZED

.binit     0    00000000    00000000     

.data      0    20000000    0000001c     UNINITIALIZED
                  20000000    00000018     Clock.obj (.data)
                  20000018    00000004     system_msp432p401r.obj (.data)

.stack     0    2000fe00    00000200     UNINITIALIZED
                  2000fe00    00000004     rtsv7M4_T_le_v4SPD16_eabi.lib : boot_cortex_m.c.obj (.stack)
                  2000fe04    000001fc     --HOLE--

MODULE SUMMARY

       Module                            code   ro data   rw data
       ------                            ----   -------   -------
    .\
       system_msp432p401r.obj            820    0         8      
       Part1_Interrupt_bumsw_motor.obj   648    0         0      
       startup_msp432p401r_ccs.obj       14     228       0      
    +--+---------------------------------+------+---------+---------+
       Total:                            1482   228       8      
                                                                 
    .\inc\
       Clock.obj                         480    0         48     
       motor.obj                         236    0         0      
       SysTick.obj                       148    0         0      
       CortexM.obj                       36     0         0      
    +--+---------------------------------+------+---------+---------+
       Total:                            900    0         48     
                                                                 
    C:\TI\ccs\ccsv8\tools\compiler\ti-cgt-arm_18.1.3.LTS\lib\rtsv7M4_T_le_v4SPD16_eabi.lib
       memcpy_t2.asm.obj                 156    0         0      
       copy_decompress_lzss.c.obj        104    0         0      
       autoinit.c.obj                    68     0         0      
       boot_cortex_m.c.obj               56     0         0      
       copy_decompress_none.c.obj        14     0         0      
       exit.c.obj                        4      0         0      
       pre_init.c.obj                    4      0         0      
    +--+---------------------------------+------+---------+---------+
       Total:                            406    0         0      
                                                                 
       Stack:                            0      0         1024   
       Linker Generated:                 0      29        0      
    +--+---------------------------------+------+---------+---------+
       Grand Total:                      2788   257       1080   


LINKER GENERATED COPY TABLES

__TI_cinit_table @ 00000be0 records: 1, size/record: 8, table size: 8
	.data: load addr=00000bc8, load size=0000000d bytes, run addr=20000000, run size=0000001c bytes, compression=lzss


LINKER GENERATED HANDLER TABLE

__TI_handler_table @ 00000bd8 records: 2, size/record: 4, table size: 8
	index: 0, handler: __TI_decompress_lzss
	index: 1, handler: __TI_decompress_none


GLOBAL SYMBOLS: SORTED ALPHABETICALLY BY Name 

address   name                          
-------   ----                          
00000bbf  ADC14_IRQHandler              
00000bbf  AES256_IRQHandler             
00000419  BumpEdgeTrigger_Init          
000004b1  Bump_Read_Input               
00000bbf  BusFault_Handler              
00000bc5  C$$EXIT                       
00000bbf  COMP_E0_IRQHandler            
00000bbf  COMP_E1_IRQHandler            
20000008  CPMwait                       
00000bbf  CS_IRQHandler                 
20000000  ClockFrequency                
000007f5  Clock_Delay1ms                
000007cb  Clock_Delay1us                
000007b7  Clock_GetFreq                 
000006a1  Clock_Init48MHz               
20000014  Crystalstable                 
00000bbf  DMA_ERR_IRQHandler            
00000bbf  DMA_INT0_IRQHandler           
00000bbf  DMA_INT1_IRQHandler           
00000bbf  DMA_INT2_IRQHandler           
00000bbf  DMA_INT3_IRQHandler           
00000bbf  DebugMon_Handler              
00000bbf  Default_Handler               
00000b81  DisableInterrupts             
00000bbf  EUSCIA0_IRQHandler            
00000bbf  EUSCIA1_IRQHandler            
00000bbf  EUSCIA2_IRQHandler            
00000bbf  EUSCIA3_IRQHandler            
00000bbf  EUSCIB0_IRQHandler            
00000bbf  EUSCIB1_IRQHandler            
00000bbf  EUSCIB2_IRQHandler            
00000bbf  EUSCIB3_IRQHandler            
00000b87  EnableInterrupts              
00000b97  EndCritical                   
00000bbf  FLCTL_IRQHandler              
00000bbf  FPU_IRQHandler                
00000bbf  HardFault_Handler             
20000010  IFlags                        
00000bbf  MemManage_Handler             
000008eb  Motor_BackwardSimple          
000008c7  Motor_ForwardSimple           
00000881  Motor_InitSimple              
0000090f  Motor_LeftSimple              
00000933  Motor_RightSimple             
000008a7  Motor_StopSimple              
00000bbf  NMI_Handler                   
00000bbf  PCM_IRQHandler                
00000bbf  PORT1_IRQHandler              
00000bbf  PORT2_IRQHandler              
00000bbf  PORT3_IRQHandler              
00000481  PORT4_IRQHandler              
00000481  PORT4_IRQHandler              
00000bbf  PORT5_IRQHandler              
00000bbf  PORT6_IRQHandler              
00000bbf  PSS_IRQHandler                
00000bbf  PendSV_Handler                
000004f1  Port1_Init                    
00000511  Port2_Init                    
0000054f  Port2_Output                  
2000000c  Postwait                      
20000004  Prewait                       
00000bbf  RTC_C_IRQHandler              
00000bb3  Reset_Handler                 
00000bbf  SVC_Handler                   
00000b8d  StartCritical                 
0000056d  Switch_Init                   
00000bbf  SysTick_Handler               
00000a09  SysTick_Init                  
00000a19  SysTick_Wait                  
00000a3f  SysTick_Wait10ms              
00000a65  SysTick_Wait1us               
20000018  SystemCoreClock               
000000e5  SystemCoreClockUpdate         
0000035d  SystemInit                    
00000bbf  T32_INT1_IRQHandler           
00000bbf  T32_INT2_IRQHandler           
00000bbf  T32_INTC_IRQHandler           
00000bbf  TA0_0_IRQHandler              
00000bbf  TA0_N_IRQHandler              
00000bbf  TA1_0_IRQHandler              
00000bbf  TA1_N_IRQHandler              
00000bbf  TA2_0_IRQHandler              
00000bbf  TA2_N_IRQHandler              
00000bbf  TA3_0_IRQHandler              
00000bbf  TA3_N_IRQHandler              
00000bbf  UsageFault_Handler            
4000480c  WDTCTL_SYM                    
00000bbf  WDT_A_IRQHandler              
00000b9f  WaitForInterrupt              
20010000  __STACK_END                   
00000200  __STACK_SIZE                  
00000be0  __TI_CINIT_Base               
00000be8  __TI_CINIT_Limit              
00000bd8  __TI_Handler_Table_Base       
00000be0  __TI_Handler_Table_Limit      
00000b05  __TI_auto_init_nobinit_nopinit
00000a9d  __TI_decompress_lzss          
00000ba5  __TI_decompress_none          
ffffffff  __TI_pprof_out_hndl           
ffffffff  __TI_prof_data_size           
ffffffff  __TI_prof_data_start          
00000000  __TI_static_base__            
0000096d  __aeabi_memcpy                
0000096d  __aeabi_memcpy4               
0000096d  __aeabi_memcpy8               
ffffffff  __binit__                     
ffffffff  __c_args__                    
UNDEFED   __mpu_init                    
2000fe00  __stack                       
00000b49  _c_int00_noargs               
UNDEFED   _system_post_cinit            
00000bc1  _system_pre_init              
00000bc5  abort                         
ffffffff  binit                         
000004bb  checkbumpswitch               
000007bd  delay                         
00000000  interruptVectors              
000005a1  main                          
0000096d  memcpy                        


GLOBAL SYMBOLS: SORTED BY Symbol Address 

address   name                          
-------   ----                          
00000000  __TI_static_base__            
00000000  interruptVectors              
000000e5  SystemCoreClockUpdate         
00000200  __STACK_SIZE                  
0000035d  SystemInit                    
00000419  BumpEdgeTrigger_Init          
00000481  PORT4_IRQHandler              
00000481  PORT4_IRQHandler              
000004b1  Bump_Read_Input               
000004bb  checkbumpswitch               
000004f1  Port1_Init                    
00000511  Port2_Init                    
0000054f  Port2_Output                  
0000056d  Switch_Init                   
000005a1  main                          
000006a1  Clock_Init48MHz               
000007b7  Clock_GetFreq                 
000007bd  delay                         
000007cb  Clock_Delay1us                
000007f5  Clock_Delay1ms                
00000881  Motor_InitSimple              
000008a7  Motor_StopSimple              
000008c7  Motor_ForwardSimple           
000008eb  Motor_BackwardSimple          
0000090f  Motor_LeftSimple              
00000933  Motor_RightSimple             
0000096d  __aeabi_memcpy                
0000096d  __aeabi_memcpy4               
0000096d  __aeabi_memcpy8               
0000096d  memcpy                        
00000a09  SysTick_Init                  
00000a19  SysTick_Wait                  
00000a3f  SysTick_Wait10ms              
00000a65  SysTick_Wait1us               
00000a9d  __TI_decompress_lzss          
00000b05  __TI_auto_init_nobinit_nopinit
00000b49  _c_int00_noargs               
00000b81  DisableInterrupts             
00000b87  EnableInterrupts              
00000b8d  StartCritical                 
00000b97  EndCritical                   
00000b9f  WaitForInterrupt              
00000ba5  __TI_decompress_none          
00000bb3  Reset_Handler                 
00000bbf  ADC14_IRQHandler              
00000bbf  AES256_IRQHandler             
00000bbf  BusFault_Handler              
00000bbf  COMP_E0_IRQHandler            
00000bbf  COMP_E1_IRQHandler            
00000bbf  CS_IRQHandler                 
00000bbf  DMA_ERR_IRQHandler            
00000bbf  DMA_INT0_IRQHandler           
00000bbf  DMA_INT1_IRQHandler           
00000bbf  DMA_INT2_IRQHandler           
00000bbf  DMA_INT3_IRQHandler           
00000bbf  DebugMon_Handler              
00000bbf  Default_Handler               
00000bbf  EUSCIA0_IRQHandler            
00000bbf  EUSCIA1_IRQHandler            
00000bbf  EUSCIA2_IRQHandler            
00000bbf  EUSCIA3_IRQHandler            
00000bbf  EUSCIB0_IRQHandler            
00000bbf  EUSCIB1_IRQHandler            
00000bbf  EUSCIB2_IRQHandler            
00000bbf  EUSCIB3_IRQHandler            
00000bbf  FLCTL_IRQHandler              
00000bbf  FPU_IRQHandler                
00000bbf  HardFault_Handler             
00000bbf  MemManage_Handler             
00000bbf  NMI_Handler                   
00000bbf  PCM_IRQHandler                
00000bbf  PORT1_IRQHandler              
00000bbf  PORT2_IRQHandler              
00000bbf  PORT3_IRQHandler              
00000bbf  PORT5_IRQHandler              
00000bbf  PORT6_IRQHandler              
00000bbf  PSS_IRQHandler                
00000bbf  PendSV_Handler                
00000bbf  RTC_C_IRQHandler              
00000bbf  SVC_Handler                   
00000bbf  SysTick_Handler               
00000bbf  T32_INT1_IRQHandler           
00000bbf  T32_INT2_IRQHandler           
00000bbf  T32_INTC_IRQHandler           
00000bbf  TA0_0_IRQHandler              
00000bbf  TA0_N_IRQHandler              
00000bbf  TA1_0_IRQHandler              
00000bbf  TA1_N_IRQHandler              
00000bbf  TA2_0_IRQHandler              
00000bbf  TA2_N_IRQHandler              
00000bbf  TA3_0_IRQHandler              
00000bbf  TA3_N_IRQHandler              
00000bbf  UsageFault_Handler            
00000bbf  WDT_A_IRQHandler              
00000bc1  _system_pre_init              
00000bc5  C$$EXIT                       
00000bc5  abort                         
00000bd8  __TI_Handler_Table_Base       
00000be0  __TI_CINIT_Base               
00000be0  __TI_Handler_Table_Limit      
00000be8  __TI_CINIT_Limit              
20000000  ClockFrequency                
20000004  Prewait                       
20000008  CPMwait                       
2000000c  Postwait                      
20000010  IFlags                        
20000014  Crystalstable                 
20000018  SystemCoreClock               
2000fe00  __stack                       
20010000  __STACK_END                   
4000480c  WDTCTL_SYM                    
ffffffff  __TI_pprof_out_hndl           
ffffffff  __TI_prof_data_size           
ffffffff  __TI_prof_data_start          
ffffffff  __binit__                     
ffffffff  __c_args__                    
ffffffff  binit                         
UNDEFED   __mpu_init                    
UNDEFED   _system_post_cinit            

[119 symbols]
