******************************************************************************
                  TI ARM Linker PC v18.1.3                     
******************************************************************************
>> Linked Fri Nov 15 15:55:44 2019

OUTPUT FILE NAME:   <part1_group08.out>
ENTRY POINT SYMBOL: "_c_int00_noargs"  address: 00000b45


MEMORY CONFIGURATION

         name            origin    length      used     unused   attr    fill
----------------------  --------  ---------  --------  --------  ----  --------
  MAIN                  00000000   00040000  00000be4  0003f41c  R  X
  INFO                  00200000   00004000  00000000  00004000  R  X
  SRAM_CODE             01000000   00010000  0000021c  0000fde4  RW X
  SRAM_DATA             20000000   00010000  0000021c  0000fde4  RW  


SEGMENT ALLOCATION MAP

run origin  load origin   length   init length attrs members
----------  ----------- ---------- ----------- ----- -------
00000000    00000000    00000be8   00000be8    r-x
  00000000    00000000    000000e4   000000e4    r-- .intvecs
  000000e4    000000e4    00000ae0   00000ae0    r-x .text
  00000bc8    00000bc8    00000020   00000020    r-- .cinit
20000000    20000000    0000001c   00000000    rw-
  20000000    20000000    0000001c   00000000    rw- .data
2000fe00    2000fe00    00000200   00000000    rw-
  2000fe00    2000fe00    00000200   00000000    rw- .stack


SECTION ALLOCATION MAP

 output                                  attributes/
section   page    origin      length       input sections
--------  ----  ----------  ----------   ----------------
.intvecs   0    00000000    000000e4     
                  00000000    000000e4     startup_msp432p401r_ccs.obj (.intvecs:retain)

.text      0    000000e4    00000ae0     
                  000000e4    00000334     system_msp432p401r.obj (.text)
                  00000418    00000284     Part1_Interrupt_bumsw_motor.obj (.text)
                  0000069c    000001e0     Clock.obj (.text)
                  0000087c    000000ec     motor.obj (.text)
                  00000968    0000009c     rtsv7M4_T_le_v4SPD16_eabi.lib : memcpy_t2.asm.obj (.text)
                  00000a04    00000094     SysTick.obj (.text)
                  00000a98    00000068     rtsv7M4_T_le_v4SPD16_eabi.lib : copy_decompress_lzss.c.obj (.text:decompress:lzss:__TI_decompress_lzss)
                  00000b00    00000044                                   : autoinit.c.obj (.text:__TI_auto_init_nobinit_nopinit:__TI_auto_init_nobinit_nopinit)
                  00000b44    00000038                                   : boot_cortex_m.c.obj (.text:_c_int00_noargs:_c_int00_noargs)
                  00000b7c    00000024     CortexM.obj (.text)
                  00000ba0    0000000e     rtsv7M4_T_le_v4SPD16_eabi.lib : copy_decompress_none.c.obj (.text:decompress:none:__TI_decompress_none)
                  00000bae    0000000e     startup_msp432p401r_ccs.obj (.text)
                  00000bbc    00000004     rtsv7M4_T_le_v4SPD16_eabi.lib : pre_init.c.obj (.text:_system_pre_init)
                  00000bc0    00000004                                   : exit.c.obj (.text:abort:abort)

.cinit     0    00000bc8    00000020     
                  00000bc8    0000000d     (.cinit..data.load) [load image, compression = lzss]
                  00000bd5    00000003     --HOLE-- [fill = 0]
                  00000bd8    00000008     (__TI_handler_table)
                  00000be0    00000008     (__TI_cinit_table)

.init_array 
*          0    00000000    00000000     UNINITIALIZED

.binit     0    00000000    00000000     

.data      0    20000000    0000001c     UNINITIALIZED
                  20000000    00000018     Clock.obj (.data)
                  20000018    00000004     system_msp432p401r.obj (.data)

.stack     0    2000fe00    00000200     UNINITIALIZED
                  2000fe00    00000004     rtsv7M4_T_le_v4SPD16_eabi.lib : boot_cortex_m.c.obj (.stack)
                  2000fe04    000001fc     --HOLE--

MODULE SUMMARY

       Module                            code   ro data   rw data
       ------                            ----   -------   -------
    .\
       system_msp432p401r.obj            820    0         8      
       Part1_Interrupt_bumsw_motor.obj   644    0         0      
       startup_msp432p401r_ccs.obj       14     228       0      
    +--+---------------------------------+------+---------+---------+
       Total:                            1478   228       8      
                                                                 
    .\inc\
       Clock.obj                         480    0         48     
       motor.obj                         236    0         0      
       SysTick.obj                       148    0         0      
       CortexM.obj                       36     0         0      
    +--+---------------------------------+------+---------+---------+
       Total:                            900    0         48     
                                                                 
    C:\TI\ccs\ccsv8\tools\compiler\ti-cgt-arm_18.1.3.LTS\lib\rtsv7M4_T_le_v4SPD16_eabi.lib
       memcpy_t2.asm.obj                 156    0         0      
       copy_decompress_lzss.c.obj        104    0         0      
       autoinit.c.obj                    68     0         0      
       boot_cortex_m.c.obj               56     0         0      
       copy_decompress_none.c.obj        14     0         0      
       exit.c.obj                        4      0         0      
       pre_init.c.obj                    4      0         0      
    +--+---------------------------------+------+---------+---------+
       Total:                            406    0         0      
                                                                 
       Stack:                            0      0         1024   
       Linker Generated:                 0      29        0      
    +--+---------------------------------+------+---------+---------+
       Grand Total:                      2784   257       1080   


LINKER GENERATED COPY TABLES

__TI_cinit_table @ 00000be0 records: 1, size/record: 8, table size: 8
	.data: load addr=00000bc8, load size=0000000d bytes, run addr=20000000, run size=0000001c bytes, compression=lzss


LINKER GENERATED HANDLER TABLE

__TI_handler_table @ 00000bd8 records: 2, size/record: 4, table size: 8
	index: 0, handler: __TI_decompress_lzss
	index: 1, handler: __TI_decompress_none


GLOBAL SYMBOLS: SORTED ALPHABETICALLY BY Name 

address   name                          
-------   ----                          
00000bbb  ADC14_IRQHandler              
00000bbb  AES256_IRQHandler             
00000419  BumpEdgeTrigger_Init          
000004af  Bump_Read_Input               
00000bbb  BusFault_Handler              
00000bc1  C$$EXIT                       
00000bbb  COMP_E0_IRQHandler            
00000bbb  COMP_E1_IRQHandler            
20000008  CPMwait                       
00000bbb  CS_IRQHandler                 
20000000  ClockFrequency                
000007f1  Clock_Delay1ms                
000007c7  Clock_Delay1us                
000007b3  Clock_GetFreq                 
0000069d  Clock_Init48MHz               
20000014  Crystalstable                 
00000bbb  DMA_ERR_IRQHandler            
00000bbb  DMA_INT0_IRQHandler           
00000bbb  DMA_INT1_IRQHandler           
00000bbb  DMA_INT2_IRQHandler           
00000bbb  DMA_INT3_IRQHandler           
00000bbb  DebugMon_Handler              
00000bbb  Default_Handler               
00000b7d  DisableInterrupts             
00000bbb  EUSCIA0_IRQHandler            
00000bbb  EUSCIA1_IRQHandler            
00000bbb  EUSCIA2_IRQHandler            
00000bbb  EUSCIA3_IRQHandler            
00000bbb  EUSCIB0_IRQHandler            
00000bbb  EUSCIB1_IRQHandler            
00000bbb  EUSCIB2_IRQHandler            
00000bbb  EUSCIB3_IRQHandler            
00000b83  EnableInterrupts              
00000b93  EndCritical                   
00000bbb  FLCTL_IRQHandler              
00000bbb  FPU_IRQHandler                
00000bbb  HardFault_Handler             
20000010  IFlags                        
00000bbb  MemManage_Handler             
000008e7  Motor_BackwardSimple          
000008c3  Motor_ForwardSimple           
0000087d  Motor_InitSimple              
0000090b  Motor_LeftSimple              
0000092f  Motor_RightSimple             
000008a3  Motor_StopSimple              
00000bbb  NMI_Handler                   
00000bbb  PCM_IRQHandler                
00000bbb  PORT1_IRQHandler              
00000bbb  PORT2_IRQHandler              
00000bbb  PORT3_IRQHandler              
00000481  PORT4_IRQHandler              
00000481  PORT4_IRQHandler              
00000bbb  PORT5_IRQHandler              
00000bbb  PORT6_IRQHandler              
00000bbb  PSS_IRQHandler                
00000bbb  PendSV_Handler                
000004ef  Port1_Init                    
0000050f  Port2_Init                    
0000054d  Port2_Output                  
2000000c  Postwait                      
20000004  Prewait                       
00000bbb  RTC_C_IRQHandler              
00000baf  Reset_Handler                 
00000bbb  SVC_Handler                   
00000b89  StartCritical                 
0000056b  Switch_Init                   
00000bbb  SysTick_Handler               
00000a05  SysTick_Init                  
00000a15  SysTick_Wait                  
00000a3b  SysTick_Wait10ms              
00000a61  SysTick_Wait1us               
20000018  SystemCoreClock               
000000e5  SystemCoreClockUpdate         
0000035d  SystemInit                    
00000bbb  T32_INT1_IRQHandler           
00000bbb  T32_INT2_IRQHandler           
00000bbb  T32_INTC_IRQHandler           
00000bbb  TA0_0_IRQHandler              
00000bbb  TA0_N_IRQHandler              
00000bbb  TA1_0_IRQHandler              
00000bbb  TA1_N_IRQHandler              
00000bbb  TA2_0_IRQHandler              
00000bbb  TA2_N_IRQHandler              
00000bbb  TA3_0_IRQHandler              
00000bbb  TA3_N_IRQHandler              
00000bbb  UsageFault_Handler            
4000480c  WDTCTL_SYM                    
00000bbb  WDT_A_IRQHandler              
00000b9b  WaitForInterrupt              
20010000  __STACK_END                   
00000200  __STACK_SIZE                  
00000be0  __TI_CINIT_Base               
00000be8  __TI_CINIT_Limit              
00000bd8  __TI_Handler_Table_Base       
00000be0  __TI_Handler_Table_Limit      
00000b01  __TI_auto_init_nobinit_nopinit
00000a99  __TI_decompress_lzss          
00000ba1  __TI_decompress_none          
ffffffff  __TI_pprof_out_hndl           
ffffffff  __TI_prof_data_size           
ffffffff  __TI_prof_data_start          
00000000  __TI_static_base__            
00000969  __aeabi_memcpy                
00000969  __aeabi_memcpy4               
00000969  __aeabi_memcpy8               
ffffffff  __binit__                     
ffffffff  __c_args__                    
UNDEFED   __mpu_init                    
2000fe00  __stack                       
00000b45  _c_int00_noargs               
UNDEFED   _system_post_cinit            
00000bbd  _system_pre_init              
00000bc1  abort                         
ffffffff  binit                         
000004b9  checkbumpswitch               
000007b9  delay                         
00000000  interruptVectors              
0000059f  main                          
00000969  memcpy                        


GLOBAL SYMBOLS: SORTED BY Symbol Address 

address   name                          
-------   ----                          
00000000  __TI_static_base__            
00000000  interruptVectors              
000000e5  SystemCoreClockUpdate         
00000200  __STACK_SIZE                  
0000035d  SystemInit                    
00000419  BumpEdgeTrigger_Init          
00000481  PORT4_IRQHandler              
00000481  PORT4_IRQHandler              
000004af  Bump_Read_Input               
000004b9  checkbumpswitch               
000004ef  Port1_Init                    
0000050f  Port2_Init                    
0000054d  Port2_Output                  
0000056b  Switch_Init                   
0000059f  main                          
0000069d  Clock_Init48MHz               
000007b3  Clock_GetFreq                 
000007b9  delay                         
000007c7  Clock_Delay1us                
000007f1  Clock_Delay1ms                
0000087d  Motor_InitSimple              
000008a3  Motor_StopSimple              
000008c3  Motor_ForwardSimple           
000008e7  Motor_BackwardSimple          
0000090b  Motor_LeftSimple              
0000092f  Motor_RightSimple             
00000969  __aeabi_memcpy                
00000969  __aeabi_memcpy4               
00000969  __aeabi_memcpy8               
00000969  memcpy                        
00000a05  SysTick_Init                  
00000a15  SysTick_Wait                  
00000a3b  SysTick_Wait10ms              
00000a61  SysTick_Wait1us               
00000a99  __TI_decompress_lzss          
00000b01  __TI_auto_init_nobinit_nopinit
00000b45  _c_int00_noargs               
00000b7d  DisableInterrupts             
00000b83  EnableInterrupts              
00000b89  StartCritical                 
00000b93  EndCritical                   
00000b9b  WaitForInterrupt              
00000ba1  __TI_decompress_none          
00000baf  Reset_Handler                 
00000bbb  ADC14_IRQHandler              
00000bbb  AES256_IRQHandler             
00000bbb  BusFault_Handler              
00000bbb  COMP_E0_IRQHandler            
00000bbb  COMP_E1_IRQHandler            
00000bbb  CS_IRQHandler                 
00000bbb  DMA_ERR_IRQHandler            
00000bbb  DMA_INT0_IRQHandler           
00000bbb  DMA_INT1_IRQHandler           
00000bbb  DMA_INT2_IRQHandler           
00000bbb  DMA_INT3_IRQHandler           
00000bbb  DebugMon_Handler              
00000bbb  Default_Handler               
00000bbb  EUSCIA0_IRQHandler            
00000bbb  EUSCIA1_IRQHandler            
00000bbb  EUSCIA2_IRQHandler            
00000bbb  EUSCIA3_IRQHandler            
00000bbb  EUSCIB0_IRQHandler            
00000bbb  EUSCIB1_IRQHandler            
00000bbb  EUSCIB2_IRQHandler            
00000bbb  EUSCIB3_IRQHandler            
00000bbb  FLCTL_IRQHandler              
00000bbb  FPU_IRQHandler                
00000bbb  HardFault_Handler             
00000bbb  MemManage_Handler             
00000bbb  NMI_Handler                   
00000bbb  PCM_IRQHandler                
00000bbb  PORT1_IRQHandler              
00000bbb  PORT2_IRQHandler              
00000bbb  PORT3_IRQHandler              
00000bbb  PORT5_IRQHandler              
00000bbb  PORT6_IRQHandler              
00000bbb  PSS_IRQHandler                
00000bbb  PendSV_Handler                
00000bbb  RTC_C_IRQHandler              
00000bbb  SVC_Handler                   
00000bbb  SysTick_Handler               
00000bbb  T32_INT1_IRQHandler           
00000bbb  T32_INT2_IRQHandler           
00000bbb  T32_INTC_IRQHandler           
00000bbb  TA0_0_IRQHandler              
00000bbb  TA0_N_IRQHandler              
00000bbb  TA1_0_IRQHandler              
00000bbb  TA1_N_IRQHandler              
00000bbb  TA2_0_IRQHandler              
00000bbb  TA2_N_IRQHandler              
00000bbb  TA3_0_IRQHandler              
00000bbb  TA3_N_IRQHandler              
00000bbb  UsageFault_Handler            
00000bbb  WDT_A_IRQHandler              
00000bbd  _system_pre_init              
00000bc1  C$$EXIT                       
00000bc1  abort                         
00000bd8  __TI_Handler_Table_Base       
00000be0  __TI_CINIT_Base               
00000be0  __TI_Handler_Table_Limit      
00000be8  __TI_CINIT_Limit              
20000000  ClockFrequency                
20000004  Prewait                       
20000008  CPMwait                       
2000000c  Postwait                      
20000010  IFlags                        
20000014  Crystalstable                 
20000018  SystemCoreClock               
2000fe00  __stack                       
20010000  __STACK_END                   
4000480c  WDTCTL_SYM                    
ffffffff  __TI_pprof_out_hndl           
ffffffff  __TI_prof_data_size           
ffffffff  __TI_prof_data_start          
ffffffff  __binit__                     
ffffffff  __c_args__                    
ffffffff  binit                         
UNDEFED   __mpu_init                    
UNDEFED   _system_post_cinit            

[119 symbols]
