******************************************************************************
                  TI ARM Linker PC v18.1.3                     
******************************************************************************
>> Linked Fri Dec  6 15:47:22 2019

OUTPUT FILE NAME:   <RTOSDemo.out>
ENTRY POINT SYMBOL: "_c_int00_noargs"  address: 00002fb5


MEMORY CONFIGURATION

         name            origin    length      used     unused   attr    fill
----------------------  --------  ---------  --------  --------  ----  --------
  MAIN                  00000000   00040000  00003682  0003c97e  R  X
  INFO                  00200000   00004000  00000000  00004000  R  X
  SRAM_CODE             01000000   00010000  00000000  00010000  RW X
  SRAM_DATA             20000000   00010000  0000ccb1  0000334f  RW  


SEGMENT ALLOCATION MAP

run origin  load origin   length   init length attrs members
----------  ----------- ---------- ----------- ----- -------
00000000    00000000    00003688   00003688    r-x
  00000000    00000000    00000138   00000138    r-- .intvecs
  00000138    00000138    0000350a   0000350a    r-x .text
  00003644    00003644    00000008   00000008    r-- .const
  00003650    00003650    00000038   00000038    r-- .cinit
20000000    20000000    0000c994   00000000    rw-
  20000000    20000000    0000c929   00000000    rw- .bss
  2000c92c    2000c92c    00000068   00000000    rw- .data
2000fce0    2000fce0    00000320   00000000    rw-
  2000fce0    2000fce0    00000320   00000000    rw- .stack


SECTION ALLOCATION MAP

 output                                  attributes/
section   page    origin      length       input sections
--------  ----  ----------  ----------   ----------------
.intvecs   0    00000000    00000138     
                  00000000    00000138     msp432_startup_ccs.obj (.intvecs:retain)

.text      0    00000138    0000350a     
                  00000138    00000304     songFile.obj (.text:play_song)
                  0000043c    00000004     rtsv7M4_T_le_v4SPD16_eabi.lib : pre_init.c.obj (.text:_system_pre_init)
                  00000440    00000194     queue.obj (.text:xQueueGenericSend)
                  000005d4    00000004     rtsv7M4_T_le_v4SPD16_eabi.lib : exit.c.obj (.text:abort:abort)
                  000005d8    00000164     queue.obj (.text:xQueueReceive)
                  0000073c    00000004     --HOLE-- [fill = 0]
                  00000740    00000148     cs.obj (.text:CS_getDCOFrequency)
                  00000888    00000148     tasks.obj (.text:xTaskIncrementTick)
                  000009d0    00000134     port.obj (.text:vPortSuppressTicksAndSleep)
                  00000b04    00000004     --HOLE-- [fill = 0]
                  00000b08    0000012c     heap_4.obj (.text:pvPortMalloc)
                  00000c34    00000004     --HOLE-- [fill = 0]
                  00000c38    0000011c     cs.obj (.text:CS_initClockSignal)
                  00000d54    00000004     --HOLE-- [fill = 0]
                  00000d58    00000114     cs.obj (.text:_CSComputeCLKFrequency)
                  00000e6c    00000004     --HOLE-- [fill = 0]
                  00000e70    0000010c     tasks.obj (.text:xTaskResumeAll)
                  00000f7c    00000004     --HOLE-- [fill = 0]
                  00000f80    00000108     pcm.obj (.text:__PCM_setPowerModeAdvanced)
                  00001088    00000106     dcMotor.obj (.text:dcMotor_response)
                  0000118e    00000002     --HOLE-- [fill = 0]
                  00001190    00000100     timers.obj (.text:prvProcessReceivedCommands)
                  00001290    000000f0     tasks.obj (.text:vTaskSuspend)
                  00001380    000000ec     main_program.obj (.text:main_program)
                  0000146c    00000004     --HOLE-- [fill = 0]
                  00001470    000000dc     port.obj (.text:xPortStartScheduler)
                  0000154c    000000da     portasm.obj (.text)
                  00001626    00000002     --HOLE-- [fill = 0]
                  00001628    000000d0     pcm.obj (.text:__PCM_setCoreVoltageLevelAdvanced)
                  000016f8    000000ce     queue.obj (.text:xQueueGenericSendFromISR)
                  000017c6    00000002     --HOLE-- [fill = 0]
                  000017c8    000000c8     tasks.obj (.text:xTaskPriorityDisinherit)
                  00001890    000000c6     tasks.obj (.text:prvInitialiseNewTask)
                  00001956    00000002     --HOLE-- [fill = 0]
                  00001958    000000b8     tasks.obj (.text:vTaskSwitchContext)
                  00001a10    000000b4     tasks.obj (.text:prvAddNewTaskToReadyList)
                  00001ac4    0000009c     rtsv7M4_T_le_v4SPD16_eabi.lib : memcpy_t2.asm.obj (.text)
                  00001b60    0000009c     tasks.obj (.text:xTaskRemoveFromEventList)
                  00001bfc    00000004     --HOLE-- [fill = 0]
                  00001c00    00000094     timers.obj (.text:prvSwitchTimerLists)
                  00001c94    00000004     --HOLE-- [fill = 0]
                  00001c98    00000094     tasks.obj (.text:xTaskCheckForTimeOut)
                  00001d2c    00000004     --HOLE-- [fill = 0]
                  00001d30    00000090     queue.obj (.text:xQueueGenericReset)
                  00001dc0    0000008c     tasks.obj (.text:vTaskResume)
                  00001e4c    00000004     --HOLE-- [fill = 0]
                  00001e50    00000088     tasks.obj (.text:prvAddCurrentTaskToDelayedList)
                  00001ed8    00000084     tasks.obj (.text:vTaskStartScheduler)
                  00001f5c    00000004     --HOLE-- [fill = 0]
                  00001f60    0000007c     outputLED.obj (.text:outputLED_response)
                  00001fdc    00000004     --HOLE-- [fill = 0]
                  00001fe0    0000007c     tasks.obj (.text:prvIdleTask)
                  0000205c    00000004     --HOLE-- [fill = 0]
                  00002060    0000007c     heap_4.obj (.text:vPortFree)
                  000020dc    0000007a     rtsv7M4_T_le_v4SPD16_eabi.lib : memset_t2.asm.obj (.text)
                  00002156    00000002     --HOLE-- [fill = 0]
                  00002158    00000074     timers.obj (.text:xTimerGenericCommand)
                  000021cc    00000004     --HOLE-- [fill = 0]
                  000021d0    00000070     queue.obj (.text:prvCopyDataToQueue)
                  00002240    00000070     heap_4.obj (.text:prvHeapInit)
                  000022b0    00000070     tasks.obj (.text:prvInitialiseTaskLists)
                  00002320    00000070     timers.obj (.text:prvProcessTimerOrBlockTask)
                  00002390    0000006c     queue.obj (.text:prvUnlockQueue)
                  000023fc    00000004     --HOLE-- [fill = 0]
                  00002400    00000068     system_msp432p401r.obj (.text:SystemInit)
                  00002468    00000068     rtsv7M4_T_le_v4SPD16_eabi.lib : copy_decompress_lzss.c.obj (.text:decompress:lzss:__TI_decompress_lzss)
                  000024d0    00000068     heap_4.obj (.text:prvInsertBlockIntoFreeList)
                  00002538    00000068     port.obj (.text:vPortSetupTimerInterrupt)
                  000025a0    00000068     tasks.obj (.text:xTaskCreate)
                  00002608    00000064     port.obj (.text:vPortValidateInterruptPriority)
                  0000266c    00000004     --HOLE-- [fill = 0]
                  00002670    00000060     timers.obj (.text:prvProcessExpiredTimer)
                  000026d0    00000058     timers.obj (.text:xTimerCreateTimerTask)
                  00002728    00000054     sysctl.obj (.text:SysCtl_getTLVInfo)
                  0000277c    00000004     --HOLE-- [fill = 0]
                  00002780    00000054     songFile.obj (.text:beep)
                  000027d4    00000004     --HOLE-- [fill = 0]
                  000027d8    00000054     dcMotor.obj (.text:dcMotor_Left)
                  0000282c    00000004     --HOLE-- [fill = 0]
                  00002830    00000054     dcMotor.obj (.text:dcMotor_Right)
                  00002884    00000004     --HOLE-- [fill = 0]
                  00002888    00000054     tasks.obj (.text:prvCheckTasksWaitingTermination)
                  000028dc    00000004     --HOLE-- [fill = 0]
                  000028e0    00000054     timers.obj (.text:prvInsertTimerInActiveList)
                  00002934    00000004     --HOLE-- [fill = 0]
                  00002938    00000054     main_program.obj (.text:taskMasterThread)
                  0000298c    00000004     --HOLE-- [fill = 0]
                  00002990    00000054     tasks.obj (.text:vTaskDelay)
                  000029e4    00000004     --HOLE-- [fill = 0]
                  000029e8    00000052     cs.obj (.text:_CSGetDividerValue)
                  00002a3a    00000006     --HOLE-- [fill = 0]
                  00002a40    00000050     bumpSwitch.obj (.text:BumpSwitch_Init)
                  00002a90    00000050     pcm.obj (.text:PCM_getCoreVoltageLevel)
                  00002ae0    00000050     cs.obj (.text:_CSGetDOCFrequency)
                  00002b30    00000050     tasks.obj (.text:prvGetExpectedIdleTime)
                  00002b80    00000050     main_program.obj (.text:taskReadInputSwitch)
                  00002bd0    0000004c     dcMotor.obj (.text:dcMotor_Forward)
                  00002c1c    00000004     --HOLE-- [fill = 0]
                  00002c20    0000004c     dcMotor.obj (.text:dcMotor_Init)
                  00002c6c    00000004     --HOLE-- [fill = 0]
                  00002c70    0000004c     timers.obj (.text:prvCheckForValidListAndQueue)
                  00002cbc    00000004     --HOLE-- [fill = 0]
                  00002cc0    0000004c     queue.obj (.text:xQueueGenericCreate)
                  00002d0c    00000004     --HOLE-- [fill = 0]
                  00002d10    0000004a     main_program.obj (.text:prvConfigureClocks)
                  00002d5a    00000006     --HOLE-- [fill = 0]
                  00002d60    00000048     dcMotor.obj (.text:dcMotor_Backward)
                  00002da8    00000048     queue.obj (.text:vQueueWaitForMessageRestricted)
                  00002df0    00000044     outputLED.obj (.text:ColorLED_Init)
                  00002e34    00000044     rtsv7M4_T_le_v4SPD16_eabi.lib : autoinit.c.obj (.text:__TI_auto_init_nobinit_nopinit:__TI_auto_init_nobinit_nopinit)
                  00002e78    00000040     tasks.obj (.text:vTaskPlaceOnEventListRestricted)
                  00002eb8    0000003c     tasks.obj (.text:eTaskConfirmSleepModeStatus)
                  00002ef4    00000004     --HOLE-- [fill = 0]
                  00002ef8    0000003c     tasks.obj (.text:prvTaskIsTaskSuspended)
                  00002f34    00000004     --HOLE-- [fill = 0]
                  00002f38    0000003c     port.obj (.text:vPortEnterCritical)
                  00002f74    00000004     --HOLE-- [fill = 0]
                  00002f78    0000003a     pcm.obj (.text:PCM_getPowerMode)
                  00002fb2    00000002     --HOLE-- [fill = 0]
                  00002fb4    00000038     rtsv7M4_T_le_v4SPD16_eabi.lib : boot_cortex_m.c.obj (.text:_c_int00_noargs:_c_int00_noargs)
                  00002fec    00000004     --HOLE-- [fill = 0]
                  00002ff0    00000038     port.obj (.text:prvTaskExitError)
                  00003028    00000038     tasks.obj (.text:vTaskPlaceOnEventList)
                  00003060    00000034     list.obj (.text:vListInsert)
                  00003094    00000004     --HOLE-- [fill = 0]
                  00003098    00000034     tasks.obj (.text:vTaskStepTick)
                  000030cc    00000004     --HOLE-- [fill = 0]
                  000030d0    00000030     flash.obj (.text:FlashCtl_setWaitState)
                  00003100    00000030     tasks.obj (.text:prvResetNextTaskUnblockTime)
                  00003130    00000030     port.obj (.text:vPortExitCritical)
                  00003160    0000002c     cs.obj (.text:CS_setDCOCenteredFrequency)
                  0000318c    00000004     --HOLE-- [fill = 0]
                  00003190    0000002c     timers.obj (.text:prvSampleTimeNow)
                  000031bc    00000004     --HOLE-- [fill = 0]
                  000031c0    0000002c     port.obj (.text:pxPortInitialiseStack)
                  000031ec    00000004     --HOLE-- [fill = 0]
                  000031f0    0000002c     port.obj (.text:xPortSysTickHandler)
                  0000321c    00000004     --HOLE-- [fill = 0]
                  00003220    00000028     outputLED.obj (.text:RedLED_Init)
                  00003248    00000028     queue.obj (.text:prvCopyDataFromQueue)
                  00003270    00000026     list.obj (.text:uxListRemove)
                  00003296    00000002     --HOLE-- [fill = 0]
                  00003298    00000024     cs.obj (.text:CS_clearInterruptFlag)
                  000032bc    00000004     --HOLE-- [fill = 0]
                  000032c0    00000024     dcMotor.obj (.text:dcMotor_Stop)
                  000032e4    00000004     --HOLE-- [fill = 0]
                  000032e8    00000024     songFile.obj (.text:init_song_pwm)
                  0000330c    00000004     --HOLE-- [fill = 0]
                  00003310    00000024     timers.obj (.text:prvGetNextExpireTime)
                  00003334    00000004     --HOLE-- [fill = 0]
                  00003338    00000020     tasks.obj (.text:xTaskGetSchedulerState)
                  00003358    0000001e     queue.obj (.text:prvInitialiseNewQueue)
                  00003376    00000002     --HOLE-- [fill = 0]
                  00003378    0000001e     queue.obj (.text:prvIsQueueFull)
                  00003396    00000002     --HOLE-- [fill = 0]
                  00003398    0000001e     list.obj (.text:vListInitialise)
                  000033b6    00000002     --HOLE-- [fill = 0]
                  000033b8    0000001a     songFile.obj (.text:delay_ms)
                  000033d2    00000006     --HOLE-- [fill = 0]
                  000033d8    0000001a     queue.obj (.text:prvIsQueueEmpty)
                  000033f2    00000006     --HOLE-- [fill = 0]
                  000033f8    0000001a     timers.obj (.text:prvTimerTask)
                  00003412    00000006     --HOLE-- [fill = 0]
                  00003418    00000018     cs.obj (.text:CS_getMCLK)
                  00003430    00000018     SysTick.obj (.text:SysTick_Init)
                  00003448    00000018     msp432_startup_ccs.obj (.text:resetISR)
                  00003460    00000018     list.obj (.text:vListInsertEnd)
                  00003478    00000018     tasks.obj (.text:vTaskInternalSetTimeOutState)
                  00003490    00000014     outputLED.obj (.text:Port2_Output2)
                  000034a4    00000004     --HOLE-- [fill = 0]
                  000034a8    00000014     songFile.obj (.text:delay_us)
                  000034bc    00000004     --HOLE-- [fill = 0]
                  000034c0    00000014     main.obj (.text:prvSetupHardware)
                  000034d4    00000004     --HOLE-- [fill = 0]
                  000034d8    00000014     main_program.obj (.text:taskBumpSwitch)
                  000034ec    00000004     --HOLE-- [fill = 0]
                  000034f0    00000014     main_program.obj (.text:taskDisplayOutputLED)
                  00003504    00000004     --HOLE-- [fill = 0]
                  00003508    00000014     main_program.obj (.text:taskdcMotor)
                  0000351c    00000004     --HOLE-- [fill = 0]
                  00003520    00000012     tasks.obj (.text:prvDeleteTCB)
                  00003532    00000006     --HOLE-- [fill = 0]
                  00003538    00000012     main.obj (.text:vApplicationMallocFailedHook)
                  0000354a    00000006     --HOLE-- [fill = 0]
                  00003550    00000012     main.obj (.text:vApplicationStackOverflowHook)
                  00003562    00000006     --HOLE-- [fill = 0]
                  00003568    00000010     bumpSwitch.obj (.text:Bump_Read_Input)
                  00003578    00000010     fpu.obj (.text:FPU_enableModule)
                  00003588    00000010     tasks.obj (.text:vTaskSuspendAll)
                  00003598    0000000e     rtsv7M4_T_le_v4SPD16_eabi.lib : copy_decompress_none.c.obj (.text:decompress:none:__TI_decompress_none)
                  000035a6    00000002     --HOLE-- [fill = 0]
                  000035a8    0000000e     main.obj (.text:main)
                  000035b6    00000002     --HOLE-- [fill = 0]
                  000035b8    0000000e     main_program.obj (.text:taskPlaySong)
                  000035c6    00000002     --HOLE-- [fill = 0]
                  000035c8    0000000c     pcm.obj (.text:PCM_getPowerState)
                  000035d4    0000000c     rtsv7M4_T_le_v4SPD16_eabi.lib : copy_zero_init.c.obj (.text:decompress:ZI:__TI_zero_init)
                  000035e0    0000000c     tasks.obj (.text:vTaskMissedYield)
                  000035ec    00000004     --HOLE-- [fill = 0]
                  000035f0    0000000c     tasks.obj (.text:xTaskGetTickCount)
                  000035fc    00000004     --HOLE-- [fill = 0]
                  00003600    00000008     pcm.obj (.text:PCM_setCoreVoltageLevel)
                  00003608    00000008     pcm.obj (.text:PCM_setPowerMode)
                  00003610    00000006     list.obj (.text:vListInitialiseItem)
                  00003616    00000002     --HOLE-- [fill = 0]
                  00003618    00000002     msp432_startup_ccs.obj (.text:defaultISR)
                  0000361a    00000006     --HOLE-- [fill = 0]
                  00003620    00000002     msp432_startup_ccs.obj (.text:faultISR)
                  00003622    00000006     --HOLE-- [fill = 0]
                  00003628    00000002     msp432_startup_ccs.obj (.text:nmiISR)
                  0000362a    00000006     --HOLE-- [fill = 0]
                  00003630    00000002     main.obj (.text:vApplicationIdleHook)
                  00003632    00000006     --HOLE-- [fill = 0]
                  00003638    00000002     main_program.obj (.text:vApplicationTickHook)
                  0000363a    00000006     --HOLE-- [fill = 0]
                  00003640    00000002     main_program.obj (.text:vPreSleepProcessing)

.const     0    00003644    00000008     
                  00003644    00000008     port.obj (.const)

.cinit     0    00003650    00000038     
                  00003650    00000014     (.cinit..data.load) [load image, compression = lzss]
                  00003664    0000000c     (__TI_handler_table)
                  00003670    00000008     (.cinit..bss.load) [load image, compression = zero_init]
                  00003678    00000010     (__TI_cinit_table)

.bss       0    20000000    0000c929     UNINITIALIZED
                  20000000    0000c800     heap_4.obj (.bss:ucHeap)
                  2000c800    00000064     tasks.obj (.bss:pxReadyTasksLists)
                  2000c864    00000014     timers.obj (.bss:xActiveTimerList1)
                  2000c878    00000014     timers.obj (.bss:xActiveTimerList2)
                  2000c88c    00000014     tasks.obj (.bss:xDelayedTaskList1)
                  2000c8a0    00000014     tasks.obj (.bss:xDelayedTaskList2)
                  2000c8b4    00000014     tasks.obj (.bss:xPendingReadyList)
                  2000c8c8    00000014     tasks.obj (.bss:xSuspendedTaskList)
                  2000c8dc    00000014     tasks.obj (.bss:xTasksWaitingTermination)
                  2000c8f0    00000008     cs.obj (.bss)
                  2000c8f8    00000008     tasks.obj (.bss)
                  2000c900    00000008     timers.obj (.bss)
                  2000c908    00000008     heap_4.obj (.bss:xStart)
                  2000c910    00000004     (.common:taskHandle_BlinkRedLED)
                  2000c914    00000004     (.common:taskHandle_BumpSwitch)
                  2000c918    00000004     (.common:taskHandle_InputSwitch)
                  2000c91c    00000004     (.common:taskHandle_OutputLED)
                  2000c920    00000004     (.common:taskHandle_PlaySong)
                  2000c924    00000004     (.common:taskHandle_dcMotor)
                  2000c928    00000001     (.common:bumpSwitch_status)

.data      0    2000c92c    00000068     UNINITIALIZED
                  2000c92c    00000034     tasks.obj (.data)
                  2000c960    00000018     port.obj (.data)
                  2000c978    00000010     heap_4.obj (.data)
                  2000c988    0000000c     timers.obj (.data)

.stack     0    2000fce0    00000320     UNINITIALIZED
                  2000fce0    00000004     rtsv7M4_T_le_v4SPD16_eabi.lib : boot_cortex_m.c.obj (.stack)
                  2000fce4    0000031c     --HOLE--

MODULE SUMMARY

       Module                       code    ro data   rw data
       ------                       ----    -------   -------
    .\
       main.obj                     72      0         0      
    +--+----------------------------+-------+---------+---------+
       Total:                       72      0         0      
                                                             
    .\FreeRTOS_Source\
       tasks.obj                    3352    0         260    
       queue.obj                    1604    0         0      
       timers.obj                   1082    0         60     
       list.obj                     150     0         0      
    +--+----------------------------+-------+---------+---------+
       Total:                       6188    0         320    
                                                             
    .\FreeRTOS_Source\portable\CCS\ARM_CM4F\
       port.obj                     984     8         24     
       portasm.obj                  218     0         0      
    +--+----------------------------+-------+---------+---------+
       Total:                       1202    8         24     
                                                             
    .\FreeRTOS_Source\portable\MemMang\
       heap_4.obj                   640     0         51224  
    +--+----------------------------+-------+---------+---------+
       Total:                       640     0         51224  
                                                             
    .\MainProgram\
       main_program.obj             552     0         25     
    +--+----------------------------+-------+---------+---------+
       Total:                       552     0         25     
                                                             
    .\driverlib\
       cs.obj                       1154    0         8      
       pcm.obj                      638     0         0      
       sysctl.obj                   84      0         0      
       flash.obj                    48      0         0      
       fpu.obj                      16      0         0      
    +--+----------------------------+-------+---------+---------+
       Total:                       1940    0         8      
                                                             
    .\inc\
       songFile.obj                 938     0         0      
       dcMotor.obj                  690     0         0      
       outputLED.obj                252     0         0      
       bumpSwitch.obj               96      0         0      
       SysTick.obj                  24      0         0      
    +--+----------------------------+-------+---------+---------+
       Total:                       2000    0         0      
                                                             
    .\system\CCS\
       msp432_startup_ccs.obj       30      312       0      
       system_msp432p401r.obj       104     0         0      
    +--+----------------------------+-------+---------+---------+
       Total:                       134     312       0      
                                                             
    C:\TI\ccs\ccsv8\tools\compiler\ti-cgt-arm_18.1.3.LTS\lib\rtsv7M4_T_le_v4SPD16_eabi.lib
       memcpy_t2.asm.obj            156     0         0      
       memset_t2.asm.obj            122     0         0      
       copy_decompress_lzss.c.obj   104     0         0      
       autoinit.c.obj               68      0         0      
       boot_cortex_m.c.obj          56      0         0      
       copy_decompress_none.c.obj   14      0         0      
       copy_zero_init.c.obj         12      0         0      
       exit.c.obj                   4       0         0      
       pre_init.c.obj               4       0         0      
    +--+----------------------------+-------+---------+---------+
       Total:                       540     0         0      
                                                             
       Stack:                       0       0         800    
       Linker Generated:            0       56        0      
    +--+----------------------------+-------+---------+---------+
       Grand Total:                 13268   376       52401  


LINKER GENERATED COPY TABLES

__TI_cinit_table @ 00003678 records: 2, size/record: 8, table size: 16
	.data: load addr=00003650, load size=00000014 bytes, run addr=2000c92c, run size=00000068 bytes, compression=lzss
	.bss: load addr=00003670, load size=00000008 bytes, run addr=20000000, run size=0000c929 bytes, compression=zero_init


LINKER GENERATED HANDLER TABLE

__TI_handler_table @ 00003664 records: 3, size/record: 4, table size: 12
	index: 0, handler: __TI_decompress_lzss
	index: 1, handler: __TI_decompress_none
	index: 2, handler: __TI_zero_init


GLOBAL SYMBOLS: SORTED ALPHABETICALLY BY Name 

address   name                           
-------   ----                           
00002a41  BumpSwitch_Init                
00003569  Bump_Read_Input                
000005d5  C$$EXIT                        
00003299  CS_clearInterruptFlag          
00000741  CS_getDCOFrequency             
00003419  CS_getMCLK                     
00000c39  CS_initClockSignal             
00003161  CS_setDCOCenteredFrequency     
00002df1  ColorLED_Init                  
00003579  FPU_enableModule               
000030d1  FlashCtl_setWaitState          
00002a91  PCM_getCoreVoltageLevel        
00002f79  PCM_getPowerMode               
000035c9  PCM_getPowerState              
00003601  PCM_setCoreVoltageLevel        
00003609  PCM_setPowerMode               
00003491  Port2_Output2                  
00003221  RedLED_Init                    
00002729  SysCtl_getTLVInfo              
00003431  SysTick_Init                   
00002401  SystemInit                     
4000480c  WDTCTL_SYM                     
20010000  __STACK_END                    
00000320  __STACK_SIZE                   
00003678  __TI_CINIT_Base                
00003688  __TI_CINIT_Limit               
00003664  __TI_Handler_Table_Base        
00003670  __TI_Handler_Table_Limit       
00002e35  __TI_auto_init_nobinit_nopinit 
00002469  __TI_decompress_lzss           
00003599  __TI_decompress_none           
ffffffff  __TI_pprof_out_hndl            
ffffffff  __TI_prof_data_size            
ffffffff  __TI_prof_data_start           
00000000  __TI_static_base__             
000035d5  __TI_zero_init                 
000020dd  __aeabi_memclr                 
000020dd  __aeabi_memclr4                
000020dd  __aeabi_memclr8                
00001ac5  __aeabi_memcpy                 
00001ac5  __aeabi_memcpy4                
00001ac5  __aeabi_memcpy8                
000020df  __aeabi_memset                 
000020df  __aeabi_memset4                
000020df  __aeabi_memset8                
ffffffff  __binit__                      
ffffffff  __c_args__                     
UNDEFED   __mpu_init                     
2000fce0  __stack                        
00002fb5  _c_int00_noargs                
UNDEFED   _system_post_cinit             
0000043d  _system_pre_init               
000005d5  abort                          
00002781  beep                           
ffffffff  binit                          
2000c928  bumpSwitch_status              
00002d61  dcMotor_Backward               
00002bd1  dcMotor_Forward                
00002c21  dcMotor_Init                   
000027d9  dcMotor_Left                   
00002831  dcMotor_Right                  
000032c1  dcMotor_Stop                   
00001089  dcMotor_response               
000033b9  delay_ms                       
000034a9  delay_us                       
00002eb9  eTaskConfirmSleepModeStatus    
000032e9  init_song_pwm                  
00000000  interruptVectors               
000035a9  main                           
00001381  main_program                   
00001ac5  memcpy                         
000020e5  memset                         
00001f61  outputLED_response             
00000139  play_song                      
00000b09  pvPortMalloc                   
2000c92c  pxCurrentTCB                   
000031c1  pxPortInitialiseStack          
2000c910  taskHandle_BlinkRedLED         
2000c914  taskHandle_BumpSwitch          
2000c918  taskHandle_InputSwitch         
2000c91c  taskHandle_OutputLED           
2000c920  taskHandle_PlaySong            
2000c924  taskHandle_dcMotor             
00003644  ulMaxSyscallInterruptPriority  
0000155d  ulPortGetIPSR                  
00003271  uxListRemove                   
00003631  vApplicationIdleHook           
00003539  vApplicationMallocFailedHook   
00003551  vApplicationStackOverflowHook  
00003639  vApplicationTickHook           
00003399  vListInitialise                
00003611  vListInitialiseItem            
00003061  vListInsert                    
00003461  vListInsertEnd                 
00001619  vPortEnableVFP                 
00002f39  vPortEnterCritical             
00003131  vPortExitCritical              
00002061  vPortFree                      
000015d5  vPortSVCHandler                
00002539  vPortSetupTimerInterrupt       
000015f5  vPortStartFirstTask            
000009d1  vPortSuppressTicksAndSleep     
00002609  vPortValidateInterruptPriority 
00003641  vPreSleepProcessing            
00002da9  vQueueWaitForMessageRestricted 
00002991  vTaskDelay                     
00003479  vTaskInternalSetTimeOutState   
000035e1  vTaskMissedYield               
00003029  vTaskPlaceOnEventList          
00002e79  vTaskPlaceOnEventListRestricted
00001dc1  vTaskResume                    
00001ed9  vTaskStartScheduler            
00003099  vTaskStepTick                  
00001291  vTaskSuspend                   
00003589  vTaskSuspendAll                
00001959  vTaskSwitchContext             
00001575  xPortPendSVHandler             
00001471  xPortStartScheduler            
000031f1  xPortSysTickHandler            
00002cc1  xQueueGenericCreate            
00001d31  xQueueGenericReset             
00000441  xQueueGenericSend              
000016f9  xQueueGenericSendFromISR       
000005d9  xQueueReceive                  
00001c99  xTaskCheckForTimeOut           
000025a1  xTaskCreate                    
00003339  xTaskGetSchedulerState         
000035f1  xTaskGetTickCount              
00000889  xTaskIncrementTick             
000017c9  xTaskPriorityDisinherit        
00001b61  xTaskRemoveFromEventList       
00000e71  xTaskResumeAll                 
000026d1  xTimerCreateTimerTask          
00002159  xTimerGenericCommand           


GLOBAL SYMBOLS: SORTED BY Symbol Address 

address   name                           
-------   ----                           
00000000  __TI_static_base__             
00000000  interruptVectors               
00000139  play_song                      
00000320  __STACK_SIZE                   
0000043d  _system_pre_init               
00000441  xQueueGenericSend              
000005d5  C$$EXIT                        
000005d5  abort                          
000005d9  xQueueReceive                  
00000741  CS_getDCOFrequency             
00000889  xTaskIncrementTick             
000009d1  vPortSuppressTicksAndSleep     
00000b09  pvPortMalloc                   
00000c39  CS_initClockSignal             
00000e71  xTaskResumeAll                 
00001089  dcMotor_response               
00001291  vTaskSuspend                   
00001381  main_program                   
00001471  xPortStartScheduler            
0000155d  ulPortGetIPSR                  
00001575  xPortPendSVHandler             
000015d5  vPortSVCHandler                
000015f5  vPortStartFirstTask            
00001619  vPortEnableVFP                 
000016f9  xQueueGenericSendFromISR       
000017c9  xTaskPriorityDisinherit        
00001959  vTaskSwitchContext             
00001ac5  __aeabi_memcpy                 
00001ac5  __aeabi_memcpy4                
00001ac5  __aeabi_memcpy8                
00001ac5  memcpy                         
00001b61  xTaskRemoveFromEventList       
00001c99  xTaskCheckForTimeOut           
00001d31  xQueueGenericReset             
00001dc1  vTaskResume                    
00001ed9  vTaskStartScheduler            
00001f61  outputLED_response             
00002061  vPortFree                      
000020dd  __aeabi_memclr                 
000020dd  __aeabi_memclr4                
000020dd  __aeabi_memclr8                
000020df  __aeabi_memset                 
000020df  __aeabi_memset4                
000020df  __aeabi_memset8                
000020e5  memset                         
00002159  xTimerGenericCommand           
00002401  SystemInit                     
00002469  __TI_decompress_lzss           
00002539  vPortSetupTimerInterrupt       
000025a1  xTaskCreate                    
00002609  vPortValidateInterruptPriority 
000026d1  xTimerCreateTimerTask          
00002729  SysCtl_getTLVInfo              
00002781  beep                           
000027d9  dcMotor_Left                   
00002831  dcMotor_Right                  
00002991  vTaskDelay                     
00002a41  BumpSwitch_Init                
00002a91  PCM_getCoreVoltageLevel        
00002bd1  dcMotor_Forward                
00002c21  dcMotor_Init                   
00002cc1  xQueueGenericCreate            
00002d61  dcMotor_Backward               
00002da9  vQueueWaitForMessageRestricted 
00002df1  ColorLED_Init                  
00002e35  __TI_auto_init_nobinit_nopinit 
00002e79  vTaskPlaceOnEventListRestricted
00002eb9  eTaskConfirmSleepModeStatus    
00002f39  vPortEnterCritical             
00002f79  PCM_getPowerMode               
00002fb5  _c_int00_noargs                
00003029  vTaskPlaceOnEventList          
00003061  vListInsert                    
00003099  vTaskStepTick                  
000030d1  FlashCtl_setWaitState          
00003131  vPortExitCritical              
00003161  CS_setDCOCenteredFrequency     
000031c1  pxPortInitialiseStack          
000031f1  xPortSysTickHandler            
00003221  RedLED_Init                    
00003271  uxListRemove                   
00003299  CS_clearInterruptFlag          
000032c1  dcMotor_Stop                   
000032e9  init_song_pwm                  
00003339  xTaskGetSchedulerState         
00003399  vListInitialise                
000033b9  delay_ms                       
00003419  CS_getMCLK                     
00003431  SysTick_Init                   
00003461  vListInsertEnd                 
00003479  vTaskInternalSetTimeOutState   
00003491  Port2_Output2                  
000034a9  delay_us                       
00003539  vApplicationMallocFailedHook   
00003551  vApplicationStackOverflowHook  
00003569  Bump_Read_Input                
00003579  FPU_enableModule               
00003589  vTaskSuspendAll                
00003599  __TI_decompress_none           
000035a9  main                           
000035c9  PCM_getPowerState              
000035d5  __TI_zero_init                 
000035e1  vTaskMissedYield               
000035f1  xTaskGetTickCount              
00003601  PCM_setCoreVoltageLevel        
00003609  PCM_setPowerMode               
00003611  vListInitialiseItem            
00003631  vApplicationIdleHook           
00003639  vApplicationTickHook           
00003641  vPreSleepProcessing            
00003644  ulMaxSyscallInterruptPriority  
00003664  __TI_Handler_Table_Base        
00003670  __TI_Handler_Table_Limit       
00003678  __TI_CINIT_Base                
00003688  __TI_CINIT_Limit               
2000c910  taskHandle_BlinkRedLED         
2000c914  taskHandle_BumpSwitch          
2000c918  taskHandle_InputSwitch         
2000c91c  taskHandle_OutputLED           
2000c920  taskHandle_PlaySong            
2000c924  taskHandle_dcMotor             
2000c928  bumpSwitch_status              
2000c92c  pxCurrentTCB                   
2000fce0  __stack                        
20010000  __STACK_END                    
4000480c  WDTCTL_SYM                     
ffffffff  __TI_pprof_out_hndl            
ffffffff  __TI_prof_data_size            
ffffffff  __TI_prof_data_start           
ffffffff  __binit__                      
ffffffff  __c_args__                     
ffffffff  binit                          
UNDEFED   __mpu_init                     
UNDEFED   _system_post_cinit             

[134 symbols]
